 
要开始，请键入 doc。
有关产品信息，请访问 www.mathworks.com。
 

[h_channel_short 001/001] NoH_baseline | BPSK | none | none
  ccsdsTMWaveformGenerator - 属性:

             WaveformSource: "synchronization and channel coding"
    NumBytesInTransferFrame: 1115
          RandomizerEnabled: false
      RandomizerFECPosition: 'afterEncoding'
               DataPathMode: 'single'
             SplitPathDebug: 0
                     HasASM: true
                  ASMLength: []
                     ASMHex: ''
                  PCMFormat: "NRZ-L"

   Channel coding
              ChannelCoding: "none"

   Digital modulation and filter
                 Modulation: "BPSK"
         PulseShapingFilter: "root raised cosine"
              RolloffFactor: 0.3500
        FilterSpanInSymbols: 10
           SamplesPerSymbol: 8

  使用 get 显示所有属性

         ActualCodeRate: 1
       NumBitsPerSymbol: 1
    SubcarrierFrequency: []

[TX none] NumInputBits=8920, ActualCodeRate=1.000000
[Actual TF] NumInputBits=8920, NumInputBytes=1115.000
[Coded DEBUG] stored tx encodedBits for boundary check: 53712 bits
   [H-frame stats] no H-matrix state available.
   [ASM phase] periodic ASM ambiguous; decode top 2 rotations: best rot=+0.0 deg err=0 mean=0.00 frames=5, second err=0, gap=0.0
   [ASM DEBUG] rotation score table:
      rot=   +0.0 deg score=   35.750 err=   0.0 mean=   0.00 frames=   5 pos=    8964
      rot= +180.0 deg score=   35.750 err=   0.0 mean=   0.00 frames=   5 pos=    8964
   [Coded DEBUG] demod-vs-encoded (BPSK): ASMAligned=1, rx/txOffset=+0 bits, txFrameOffset=0, polarity=+1, hardBER=0.000297946 (16/53701)
   [Coded DEBUG] steady hardBER=0 (0/26856), frames=3, frameBER p95/max=0/0
   [Coded burst DEBUG] no nonzero steady frames.
   [Coded DEBUG] demod soft (BPSK/none): len=53712, bitsPerFrame=8920, mean=-0.003712, std=1, min=-1.738, max=+1.69, hard1=49.8%
   [ASM bit-align] BPSK/none trimmed 11 demod bits before decoder
   [ASM bit-align] decoder frame synchronization disabled after periodic ASM alignment
[TM uncoded ASM sync] pos=1 err=4 mean=0.67 frames=6 polarity=+1 accepted=1 outFrames=5
   [FrameID DEBUG] BPSK none post-decoder: decodedBits=44600, bitsPerFrame=8920, numRx=5, show=5
      j=001 rxId=  0 match=1 err=   12 ber=0.0013
      j=002 rxId=  1 match=1 err=    0 ber=0.0000
      j=003 rxId=  2 match=1 err=    0 ber=0.0000
      j=004 rxId=  3 match=1 err=    0 ber=0.0000
      j=005 rxId=  4 match=1 err=    0 ber=0.0000
   [FrameCheck] j=001 rxId=  0 match=1 err=   12 ber=0.0013 good=1 consec=1 acq=0 counted=0
   [FrameCheck] j=002 rxId=  1 match=1 err=    0 ber=0.0000 good=1 consec=2 acq=1 counted=0
   [FrameCheck] j=003 rxId=  2 match=1 err=    0 ber=0.0000 good=1 consec=3 acq=1 counted=1
   [FrameCheck] j=004 rxId=  3 match=1 err=    0 ber=0.0000 good=1 consec=4 acq=1 counted=1
   [FrameCheck] j=005 rxId=  4 match=1 err=    0 ber=0.0000 good=1 consec=5 acq=1 counted=1
   [Per-frame BER] 0.001 0.000 0.000 0.000 0.000 
   [Per-frame BER summary] nonzero=1/5, first=1, last=1, max=1.35e-03@1
   [Per-frame BER nonzero] 1:1.35e-03 
   [候选角度] rot=  +0.0 deg, BER=0, Lock=100.0%, Err=0, Bits=26760   [Phase ambiguity] best rotation =  +0.0 deg, lockRate=100.0%

========= CCSDS 评估结果 =========
 调制方式 : BPSK
 输入 SNR : 30.0 dB,  CFO=0.0 Hz,  Phase=0.0 deg,  Delay=0.000
 Noise mode   : fixed PSD; the legacy snr field above is inactive
 Noise order  : afterChannel
 Noise PSD    : -115.30 dBm/Hz over 1.35e+07 Hz -> -44.00 dBm, EqSNR=34.00 dB
 Signal ref   : -10.00 dBm before H/channel damage
 TM data source: random
 --------------------------------
 BER          : 0.000000
 EVM (sync前) :  13.61 %
 EVM (sync后) :   1.34 %
 MER (sync后) :  37.43 dB
 SNR_est      :  37.43 dB  (输入是 30.0 dB)
 Residual CFO :    0.000 Hz
 PAPR (Tx)    :   3.97 dB
 Frame Lock   : 100.00 %
 FER          : 0.000000  (0/3 frames)
 Acquisition  : 2 frames  (0.001784 s)
==================================

[PASS] BER=0 Lock=100.0% FER=0 time=6.1s

[h_channel_short] PASS=1 FAIL_METRIC=0 ERROR=0 PENDING=0
Checkpoint: E:\web_code\react\fft_project\react-fft\artifacts\ccsds\blind_reliability_noh_smoke_20260828_163922113\checkpoint.mat
Summary   : E:\web_code\react\fft_project\react-fft\artifacts\ccsds\blind_reliability_noh_smoke_20260828_163922113\summary.csv

==== H-channel sweep state ====
Checkpoint: E:\web_code\react\fft_project\react-fft\artifacts\ccsds\blind_reliability_noh_smoke_20260828_163922113\checkpoint.mat
CSV       : E:\web_code\react\fft_project\react-fft\artifacts\ccsds\blind_reliability_noh_smoke_20260828_163922113\h_channel_short_sweep.csv
Encoded failures: E:\web_code\react\fft_project\react-fft\artifacts\ccsds\blind_reliability_noh_smoke_20260828_163922113\encoded_failure_details.csv
MAT       : E:\web_code\react\fft_project\react-fft\artifacts\ccsds\blind_reliability_noh_smoke_20260828_163922113\h_channel_short_sweep.mat

==== Weak / failed cases ====
None under the configured PASS thresholds.
       Scenario       ModType    BER    BlindReliabilityApplied    BlindReliabilityFinalState    Status
    ______________    _______    ___    _______________________    __________________________    ______

    "NoH_baseline"    "BPSK"      0              false                      "TRACK"              "PASS"

