[警告: PCMFormat 属性与 System object 的此配置无关。] 
[> 位置：matlab.system.SystemProp/setProperties
位置: ccsdsTMWaveformGenerator (第 381 行)
位置: run_ccsds_tm_evaluation>runOneShot (第 1687 行)
位置: run_ccsds_tm_evaluation (第 118 行)] 
  ccsdsTMWaveformGenerator - 属性:

                           WaveformSource: "synchronization and channel coding"
                  NumBytesInTransferFrame: 256
                        RandomizerEnabled: false
                    RandomizerFECPosition: 'afterEncoding'
                             DataPathMode: 'single'
                           SplitPathDebug: 0
                                   HasASM: true
                                ASMLength: []
                                   ASMHex: ''

   Channel coding
                            ChannelCoding: "none"
    AllowContinuousPuncturingAcrossFrames: 0

   Digital modulation and filter
                               Modulation: "UQPSK"
                       PulseShapingFilter: "raised cosine"
                            RolloffFactor: 0.3500
                      FilterSpanInSymbols: 10
                         SamplesPerSymbol: 8

  使用 get 显示所有属性

         ActualCodeRate: 1
       NumBitsPerSymbol: 1.5000
    SubcarrierFrequency: []

[TX none] NumInputBits=2048, ActualCodeRate=1.000000
[Rate setup] input=symbol-rate, modulation rate=15.000000 Mbps, bits/symbol=1.5, symbol rate=10.000000 Msym/s
[Pulse shaping] requested=raised cosine, TX=raised cosine, RX=raised cosine matched filter
[Actual TF] NumInputBits=2048, NumInputBytes=256.000
[Test length] waveform=18.018 ms | warmup=8 | BER=120 | total=128 frames
[Burst completion] applied=1 buffered TX bits=128 | guard groups=2 (NOT measured) | measurement=17.749333 ms, waveform=18.018000 ms
[POST-H TEST GAIN] +0 dB, amplitude x 1.000000
   [UQPSK 4th-power CFO] estimated = +0.000 Hz, input = +0.000 Hz, error = +0.000 Hz
   [UQPSK front end] fftCFO=1 envelope=0 phaseMode=off env(tau=16,gain=[-40.0, 100.0] dB,applied=0) phase(window=NaN,conf=NaN,hold=0)
   [UQPSK carrier PLL] dual=0 mode=track locked=1 BW(acq/track)=0.002/0.002 finalFreq=+0.01 Hz locks=1 reacq=0 fadeHold=1354 extHold=0/0 accept=99.2% mean|e|=0.2076
   [ASM phase] periodic ASM ambiguous; decode top 2 rotations: best rot=+0.0 deg err=0 mean=0.00 frames=8, second err=0, gap=0.0
   [Per-frame BER] 0.572 0.556 0.437 0.294 0.212 0.185 0.166 0.078 0.000 0.016 
                   0.000 0.001 0.000 0.000 0.000 0.000 0.002 0.000 0.000 0.000 
                   0.000 0.000 0.000 0.000 0.000 ... (25/129 shown)
      [UQPSK group] symSkip=0, BER=3.31e-05, Lock=99.2%, Err=8, Bits=241664
   [Per-frame BER] 0.149 0.083 0.002 0.035 0.115 0.166 0.219 0.296 0.444 0.510 
                   0.459 0.333 0.343 0.489 0.493 0.370 0.317 0.373 0.509 0.448 
                   0.347 0.391 0.483 0.446 0.330 ... (25/129 shown)
      [UQPSK group] symSkip=1, BER=0.4265, Lock=99.2%, Err=104824, Bits=245760
      [UQPSK group] selected symSkip=0
   [候选角度] rot=  +0.0 deg, BER=3.31e-05, Lock=99.2%, Err=8, Bits=241664      [UQPSK group] symSkip=0, BER=NaN, Lock=0.0%, Err=0, Bits=0
      [UQPSK group] symSkip=1, BER=NaN, Lock=0.0%, Err=0, Bits=0
      [UQPSK group] selected symSkip=0
   [候选角度] rot=+180.0 deg, BER=NaN, Lock=0.0%, Err=0, Bits=0   [Phase ambiguity] best rotation =  +0.0 deg, lockRate=99.2%
[Measurement coverage] MEASUREMENT_INCOMPLETE: compared=118/120, unrecovered=0, recovered-not-compared=2

========= CCSDS 评估结果 =========
 调制方式 : UQPSK
 输入 SNR : 12.0 dB,  CFO=0.0 Hz,  Phase=0.0 deg,  Delay=0.000
 Noise mode   : OFF (exactly noise-free diagnostic)
 Noise order  : afterChannel
 TM data source: random
 --------------------------------
 BER          : 0.000033
 EVM (sync前) :   0.00 %
 EVM (sync后) :  15.35 %
 MER (sync后) :  16.28 dB
 SNR_est      :  16.28 dB  (输入是 12.0 dB)
 Residual CFO :    0.038 Hz
 PAPR (Tx)    :   4.74 dB
 Frame Lock   :  99.22 %
 FER          : 0.025424  (3/118 frames)
 Acquisition  : 11 frames  (0.00150187 s)
==================================

